******************************************************************************
             TMS320C2000 Linker PC v18.1.2                     
******************************************************************************
>> Linked Wed Jul 11 23:00:37 2018

OUTPUT FILE NAME:   <TMS320F28377S_ASM_prj.out>
ENTRY POINT SYMBOL: "_c_int00"  address: 00000122


MEMORY CONFIGURATION

         name            origin    length      used     unused   attr    fill
----------------------  --------  ---------  --------  --------  ----  --------
PAGE 0:
  BEGIN                 00000000   00000002  00000000  00000002  RWIX
  RAMM0                 00000122   000002de  000000ba  00000224  RWIX
  RAMLS0                00008000   00000800  00000000  00000800  RWIX
  RAMLS1                00008800   00000800  00000000  00000800  RWIX
  RAMLS2                00009000   00000800  00000000  00000800  RWIX
  RAMLS3                00009800   00000800  00000000  00000800  RWIX
  RAMLS4                0000a000   00000800  00000000  00000800  RWIX
  RAMD0                 0000b000   00000800  00000000  00000800  RWIX
  RAMGS14               0001a000   00001000  00000000  00001000  RWIX
  RAMGS15               0001b000   00001000  00000000  00001000  RWIX
  RESET                 003fffc0   00000002  00000000  00000002  RWIX

PAGE 1:
  BOOT_RSVD             00000002   00000120  00000000  00000120  RWIX
  RAMM1                 00000400   00000400  00000000  00000400  RWIX
  RAMLS5                0000a800   00000800  00000000  00000800  RWIX
  RAMD1                 0000b800   00000800  00000000  00000800  RWIX
  RAMGS0                0000c000   00001000  00000000  00001000  RWIX
  RAMGS1                0000d000   00001000  00000000  00001000  RWIX
  RAMGS2                0000e000   00001000  00000000  00001000  RWIX
  RAMGS3                0000f000   00001000  00000000  00001000  RWIX
  RAMGS4                00010000   00001000  00000000  00001000  RWIX
  RAMGS5                00011000   00001000  00000006  00000ffa  RWIX
  RAMGS6                00012000   00001000  00000000  00001000  RWIX
  RAMGS7                00013000   00001000  00000000  00001000  RWIX
  RAMGS8                00014000   00001000  00000000  00001000  RWIX
  RAMGS9                00015000   00001000  00000000  00001000  RWIX
  RAMGS10               00016000   00001000  00000000  00001000  RWIX
  RAMGS11               00017000   00001000  00000000  00001000  RWIX
  RAMGS12               00018000   00001000  00000000  00001000  RWIX
  RAMGS13               00019000   00001000  00000000  00001000  RWIX


SECTION ALLOCATION MAP

 output                                  attributes/
section   page    origin      length       input sections
--------  ----  ----------  ----------   ----------------
.cinit     0    00000122    00000000     UNINITIALIZED

.pinit     0    00000122    00000000     UNINITIALIZED

.reset     0    003fffc0    00000002     DSECT
                  003fffc0    00000002     f28377s.obj (.reset)

.stack     1    00000400    00000000     UNINITIALIZED

.var       1    00011000    00000006     UNINITIALIZED
                  00011000    00000006     f28377s.obj (.var)

.text      0    00000122    000000ba     
                  00000122    00000075     f28377s.obj (.text)
                  00000197    00000024     rts2800_fpu32.lib : cpy_tbl.c.obj (.text)
                  000001bb    0000001e                       : memcpy.c.obj (.text)
                  000001d9    00000002                       : pre_init.c.obj (.text)
                  000001db    00000001                       : startup.c.obj (.text)

MODULE SUMMARY

       Module           code   initialized data   uninitialized data
       ------           ----   ----------------   ------------------
    .\soc\
       f28377s.obj      117    0                  6                 
    +--+----------------+------+------------------+--------------------+
       Total:           117    0                  6                 
                                                                    
    D:\ti\ccsv8\tools\compiler\ti-cgt-c2000_18.1.2.LTS\lib\rts2800_fpu32.lib
       cpy_tbl.c.obj    36     0                  0                 
       memcpy.c.obj     30     0                  0                 
       pre_init.c.obj   2      0                  0                 
       startup.c.obj    1      0                  0                 
    +--+----------------+------+------------------+--------------------+
       Total:           69     0                  0                 
                                                                    
    +--+----------------+------+------------------+--------------------+
       Grand Total:     186    0                  6                 


GLOBAL DATA SYMBOLS: SORTED BY DATA PAGE

address     data page           name
--------    ----------------    ----
00000400      10 (00000400)     __stack


GLOBAL SYMBOLS: SORTED ALPHABETICALLY BY Name 

page  address   name                 
----  -------   ----                 
abs   ffffffff  .text                
1     00000400  __STACK_END          
abs   00000000  __STACK_SIZE         
abs   ffffffff  ___TI_pprof_out_hndl 
abs   ffffffff  ___TI_prof_data_size 
abs   ffffffff  ___TI_prof_data_start
abs   ffffffff  ___binit__           
abs   ffffffff  ___c_args__          
abs   ffffffff  ___cinit__           
abs   ffffffff  ___etext__           
abs   ffffffff  ___pinit__           
abs   ffffffff  ___text__            
1     00000400  __stack              
0     000001db  __system_post_cinit  
0     000001d9  __system_pre_init    
0     00000122  _c_int00             
0     00000197  _copy_in             
0     000001bb  _memcpy              
abs   ffffffff  binit                
abs   ffffffff  cinit                
abs   ffffffff  etext                
abs   ffffffff  pinit                


GLOBAL SYMBOLS: SORTED BY Symbol Address 

page  address   name                 
----  -------   ----                 
0     00000122  _c_int00             
0     00000197  _copy_in             
0     000001bb  _memcpy              
0     000001d9  __system_pre_init    
0     000001db  __system_post_cinit  
1     00000400  __STACK_END          
1     00000400  __stack              
abs   00000000  __STACK_SIZE         
abs   ffffffff  .text                
abs   ffffffff  ___TI_pprof_out_hndl 
abs   ffffffff  ___TI_prof_data_size 
abs   ffffffff  ___TI_prof_data_start
abs   ffffffff  ___binit__           
abs   ffffffff  ___c_args__          
abs   ffffffff  ___cinit__           
abs   ffffffff  ___etext__           
abs   ffffffff  ___pinit__           
abs   ffffffff  ___text__            
abs   ffffffff  binit                
abs   ffffffff  cinit                
abs   ffffffff  etext                
abs   ffffffff  pinit                

[22 symbols]
